[www.baptistebrunet.com/games/tetris_js/index.html]
[backblue.gif]
[fade.gif]
[index.html]
[www.baptistebrunet.com/games/tetris_js/css/styles.css]
[www.baptistebrunet.com/games/tetris_js/images/icon/144.png]
[www.baptistebrunet.com/games/tetris_js/images/icon/114.png]
[www.baptistebrunet.com/games/tetris_js/images/icon/72.png]
[www.baptistebrunet.com/games/tetris_js/images/icon/57.png]
[www.baptistebrunet.com/games/tetris_js/images/illus/qr_code.png]
[www.baptistebrunet.com/games/tetris_js/images/illus/fleche.png]
[www.baptistebrunet.com/games/tetris_js/images/illus/telephone.png]
[www.baptistebrunet.com/games/tetris_js/js/kinetic-v4.6.0.min.js]
[www.baptistebrunet.com/games/tetris_js/index.html]
[www.baptistebrunet.com/games/tetris_js/js/tetris.js]
[www.baptistebrunet.com/games/tetris_js/fonts/slkscrb-webfont.eot]
[www.baptistebrunet.com/games/tetris_js/fonts/slkscrb-webfontd41d.eot]
[www.baptistebrunet.com/games/tetris_js/fonts/slkscrb-webfont.woff]
[www.baptistebrunet.com/games/tetris_js/fonts/slkscrb-webfont.ttf]
[www.baptistebrunet.com/games/tetris_js/css/styles.css]
[www.baptistebrunet.com/games/tetris_js/fonts/slkscrb-webfont.svg]
